Child process exited with code 23 
